// 重构日志: afea4b10
// 重构日志: 016c6244
// 重构日志: 733014eb
// 重构日志: 46f9e38f
// 重构日志: a28f55a5
// 重构日志: 0970e916
// 同步 ID: 93eb8d45 @ Thu Jul 16 11:40:04 UTC 2026
// 同步 ID: 0097e00a @ Fri Jul 17 12:53:09 UTC 2026
// 重构日志: ea0e3ab1
// 重构日志: ac9f7c9e
// 同步 ID: 55778186 @ Sun Jul 19 10:22:54 UTC 2026
// 重构日志: 483cd32f
// 同步 ID: 6585d983 @ Mon Jul 20 01:17:31 UTC 2026
// 同步 ID: efcfb417 @ Tue Jul 21 12:59:50 UTC 2026
// 重构日志: 4e87df71
// 同步 ID: e3563723 @ Wed Jul 22 12:34:52 UTC 2026
// 同步 ID: 5d840def @ Wed Jul 22 16:32:42 UTC 2026
// 重构日志: 5c1502ee
// 同步 ID: 90df4d04 @ Thu Jul 23 17:04:00 UTC 2026
// 同步 ID: 941654a1 @ Fri Jul 24 05:52:02 UTC 2026
// 同步 ID: 2677d00d @ Fri Jul 24 07:48:57 UTC 2026
// 同步 ID: 76a2718b @ Sun Jul 26 12:26:59 UTC 2026
// 重构日志: 96ce90d9
// 重构日志: 26e4ab96
// 同步 ID: b4cf58ba @ Tue Jul 28 11:13:57 UTC 2026
// 重构日志: 97eabfaf
// 同步 ID: 63f49bca @ Wed Jul 29 05:15:57 UTC 2026
// 重构日志: 9981f695
// 同步 ID: 10157949 @ Thu Jul 30 07:47:42 UTC 2026
// 同步 ID: 94b85841 @ Fri Jul 31 01:34:04 UTC 2026
